../Core/Src/st7735s.c:26:6:HAL_SPI_TxCpltCallback	16	static
../Core/Src/st7735s.c:34:6:HAL_SPI_ErrorCallback	24	static
../Core/Src/st7735s.c:45:6:LcdWriteCmd	16	static
../Core/Src/st7735s.c:58:6:LcdWriteData	16	static
../Core/Src/st7735s.c:71:6:LcdWriteDataSPI	16	static
../Core/Src/st7735s.c:84:6:LcdWriteDataU16	24	static
../Core/Src/st7735s.c:100:6:LcdWriteDataArray	16	static
../Core/Src/st7735s.c:115:6:LcdReset	8	static
../Core/Src/st7735s.c:124:6:LcdSetParam	8	static
../Core/Src/st7735s.c:227:6:LcdInit	8	static
../Core/Src/st7735s.c:234:6:Lcd_SetRegion	32	static
../Core/Src/st7735s.c:264:6:LcdDrawBlock	56	dynamic
../Core/Src/st7735s.c:280:6:LcdClear	344	static
../Core/Src/st7735s.c:293:6:LcdDrawPoint	16	static
../Core/Src/st7735s.c:304:6:LcdDrawLine	32	static
../Core/Src/st7735s.c:313:6:LcdDrawRect	32	static
../Core/Src/st7735s.c:324:6:LcdDrawCircle	16	static
../Core/Src/st7735s.c:330:6:TFT_ShowChar	40	static
../Core/Src/st7735s.c:418:6:LCD_ShowCharStr	48	static
../Core/Src/st7735s.c:437:6:LCD_ShowCharNumber	56	static
../Core/Src/st7735s.c:459:6:LcdShowBmp	24	static
../Core/Src/st7735s.c:475:6:LcdDrawRgb565	32	static
../Core/Src/st7735s.c:487:6:LcdDrawData	32	static
