../Core/Src/main.c:182:6:ReadKeyInfo	32	static
../Core/Src/main.c:201:6:PeekKeyInfo	32	static
../Core/Src/main.c:217:6:WriteKeyInfo	24	static
../Core/Src/main.c:233:6:Ec11ResetStateMachineAnd	4	static
../Core/Src/main.c:245:6:Ec11EncoderInit	8	static
../Core/Src/main.c:255:6:ProcessClickPress	16	static
../Core/Src/main.c:265:6:ProcessClickPressDebouncing	16	static
../Core/Src/main.c:278:6:ProcessClickReleaseDebouncing	8	static
../Core/Src/main.c:293:6:ProcessClickRelease	24	static
../Core/Src/main.c:317:6:ProcessDoubleClickPress	16	static
../Core/Src/main.c:330:13:Ec11TickProcess	24	static
../Core/Src/main.c:407:6:Ec11StateMachineProcess	16	static
../Core/Src/main.c:420:6:HAL_TIM_PeriodElapsedCallback	16	static
../Core/Src/main.c:426:6:ProcessKey	48	static
../Core/Src/main.c:454:5:main	16	static
../Core/Src/main.c:508:6:SystemClock_Config	72	static
../Core/Src/main.c:545:13:MX_TIM4_Init	32	static
../Core/Src/main.c:587:13:MX_USART2_UART_Init	8	static
../Core/Src/main.c:618:13:MX_GPIO_Init	40	static
../Core/Src/main.c:662:6:Error_Handler	4	static,ignoring_inline_asm
