../Core/Src/main.c:108:10:ReadKeyInfo	16	static
../Core/Src/main.c:119:6:WriteKeyInfo	24	static
../Core/Src/main.c:133:6:Ec11EncoderInit	8	static
../Core/Src/main.c:141:5:Ec11KeyProcess	4	static
../Core/Src/main.c:146:13:Ec11TickProcess	8	static
../Core/Src/main.c:209:6:HAL_TIM_PeriodElapsedCallback	16	static
../Core/Src/main.c:221:6:ProcessKey	16	static
../Core/Src/main.c:234:5:main	16	static
../Core/Src/main.c:287:6:SystemClock_Config	72	static
../Core/Src/main.c:324:13:MX_TIM4_Init	32	static
../Core/Src/main.c:366:13:MX_USART2_UART_Init	8	static
../Core/Src/main.c:397:13:MX_GPIO_Init	40	static
../Core/Src/main.c:441:6:Error_Handler	4	static,ignoring_inline_asm
