../Core/Src/main.c:61:6:HAL_UART_TxCpltCallback	16	static
../Core/Src/main.c:68:6:send_data_safely	16	static
../Core/Src/main.c:184:6:ReadKeyInfo	32	static
../Core/Src/main.c:200:6:PeekKeyInfo	32	static
../Core/Src/main.c:216:6:WriteKeyInfo	24	static
../Core/Src/main.c:232:6:Ec11ResetStateMachineAnd	4	static
../Core/Src/main.c:243:6:Ec11EncoderInit	8	static
../Core/Src/main.c:253:6:ProcessClickPress	16	static
../Core/Src/main.c:263:6:ProcessClickPressDebouncing	24	static
../Core/Src/main.c:281:6:ProcessClickReleaseDebouncing	8	static
../Core/Src/main.c:295:6:ProcessClickRelease	24	static
../Core/Src/main.c:318:6:ProcessDoubleClickPress	32	static
../Core/Src/main.c:341:6:ProcessDoubleClickDebouncing	16	static
../Core/Src/main.c:354:6:ProcessDoubleClickReleaseDebouncing	16	static
../Core/Src/main.c:371:6:ProcessDoubleClickRelease	16	static
../Core/Src/main.c:387:13:Ec11TickProcess	24	static
../Core/Src/main.c:478:6:Ec11StateMachineProcess	16	static
../Core/Src/main.c:491:6:HAL_TIM_PeriodElapsedCallback	16	static
../Core/Src/main.c:496:6:ProcessKey	64	static
../Core/Src/main.c:543:5:main	8	static
../Core/Src/main.c:591:6:SystemClock_Config	72	static
../Core/Src/main.c:631:13:MX_TIM4_Init	32	static
../Core/Src/main.c:676:13:MX_USART2_UART_Init	8	static
../Core/Src/main.c:709:13:MX_GPIO_Init	40	static
../Core/Src/main.c:754:6:Error_Handler	4	static,ignoring_inline_asm
