../Core/Src/main.c:188:6:ReadKeyInfo	32	static
../Core/Src/main.c:207:6:PeekKeyInfo	32	static
../Core/Src/main.c:223:6:WriteKeyInfo	24	static
../Core/Src/main.c:239:6:Ec11ResetStateMachineAnd	4	static
../Core/Src/main.c:251:6:Ec11EncoderInit	8	static
../Core/Src/main.c:261:6:ProcessClickPress	16	static
../Core/Src/main.c:271:6:ProcessClickPressDebouncing	24	static
../Core/Src/main.c:287:6:ProcessClickReleaseDebouncing	8	static
../Core/Src/main.c:302:6:ProcessClickRelease	24	static
../Core/Src/main.c:324:6:ProcessDoubleClickPress	16	static
../Core/Src/main.c:337:13:Ec11TickProcess	24	static
../Core/Src/main.c:414:6:Ec11StateMachineProcess	16	static
../Core/Src/main.c:427:6:HAL_TIM_PeriodElapsedCallback	16	static
../Core/Src/main.c:433:6:ProcessKey	56	static
../Core/Src/main.c:466:5:main	16	static
../Core/Src/main.c:520:6:SystemClock_Config	72	static
../Core/Src/main.c:557:13:MX_TIM4_Init	32	static
../Core/Src/main.c:599:13:MX_USART2_UART_Init	8	static
../Core/Src/main.c:630:13:MX_GPIO_Init	40	static
../Core/Src/main.c:674:6:Error_Handler	4	static,ignoring_inline_asm
