../Core/Src/main.c:55:6:HAL_UART_TxCpltCallback	16	static
../Core/Src/main.c:62:6:send_data_safely	16	static
../Core/Src/main.c:82:6:HAL_TIM_PeriodElapsedCallback	16	static
../Core/Src/main.c:87:6:ProcessKey	64	static
../Core/Src/main.c:131:5:main	8	static
../Core/Src/main.c:178:6:SystemClock_Config	72	static
../Core/Src/main.c:218:13:MX_TIM4_Init	32	static
../Core/Src/main.c:263:13:MX_USART2_UART_Init	8	static
../Core/Src/main.c:296:13:MX_GPIO_Init	40	static
../Core/Src/main.c:341:6:Error_Handler	4	static,ignoring_inline_asm
