../Core/Src/main.c:59:6:HAL_UART_TxCpltCallback	16	static
../Core/Src/main.c:66:6:send_data_safely	16	static
../Core/Src/main.c:86:6:HAL_TIM_PeriodElapsedCallback	16	static
../Core/Src/main.c:92:6:ProcessKey	64	static
../Core/Src/main.c:137:6:ProcessDth11	40	static
../Core/Src/main.c:154:6:ProcessLcd	48	static
../Core/Src/main.c:213:5:main	8	static
../Core/Src/main.c:265:6:SystemClock_Config	72	static
../Core/Src/main.c:305:13:MX_TIM4_Init	32	static
../Core/Src/main.c:350:13:MX_USART2_UART_Init	8	static
../Core/Src/main.c:383:13:MX_GPIO_Init	40	static
../Core/Src/main.c:468:6:Error_Handler	4	static,ignoring_inline_asm
