../Core/Src/main.c:58:6:HAL_UART_TxCpltCallback	16	static
../Core/Src/main.c:65:6:send_data_safely	16	static
../Core/Src/main.c:85:6:HAL_TIM_PeriodElapsedCallback	16	static
../Core/Src/main.c:91:6:ProcessKey	64	static
../Core/Src/main.c:136:6:ProcessDth11	40	static
../Core/Src/main.c:153:6:ProcessLcd	16	static
../Core/Src/main.c:176:5:main	8	static
../Core/Src/main.c:227:6:SystemClock_Config	72	static
../Core/Src/main.c:267:13:MX_TIM4_Init	32	static
../Core/Src/main.c:312:13:MX_USART2_UART_Init	8	static
../Core/Src/main.c:345:13:MX_GPIO_Init	40	static
../Core/Src/main.c:430:6:Error_Handler	4	static,ignoring_inline_asm
