../Core/Src/main.c:57:6:HAL_UART_TxCpltCallback	16	static
../Core/Src/main.c:64:6:send_data_safely	16	static
../Core/Src/main.c:84:6:HAL_TIM_PeriodElapsedCallback	16	static
../Core/Src/main.c:90:6:ProcessKey	64	static
../Core/Src/main.c:135:6:ProcessDth11	40	static
../Core/Src/main.c:157:5:main	8	static
../Core/Src/main.c:206:6:SystemClock_Config	72	static
../Core/Src/main.c:246:13:MX_TIM4_Init	32	static
../Core/Src/main.c:291:13:MX_USART2_UART_Init	8	static
../Core/Src/main.c:324:13:MX_GPIO_Init	40	static
../Core/Src/main.c:386:6:Error_Handler	4	static,ignoring_inline_asm
