../Core/Src/main.c:63:6:HAL_UART_TxCpltCallback	16	static
../Core/Src/main.c:70:6:send_data_safely	16	static
../Core/Src/main.c:185:6:ReadKeyInfo	32	static
../Core/Src/main.c:201:6:PeekKeyInfo	32	static
../Core/Src/main.c:217:6:WriteKeyInfo	24	static
../Core/Src/main.c:233:6:Ec11ResetStateMachineAnd	4	static
../Core/Src/main.c:244:6:Ec11EncoderInit	8	static
../Core/Src/main.c:254:6:ProcessClickPress	16	static
../Core/Src/main.c:264:6:ProcessClickPressDebouncing	24	static
../Core/Src/main.c:282:6:ProcessClickReleaseDebouncing	8	static
../Core/Src/main.c:296:6:ProcessClickRelease	24	static
../Core/Src/main.c:319:6:ProcessDoubleClickPress	32	static
../Core/Src/main.c:342:6:ProcessDoubleClickDebouncing	16	static
../Core/Src/main.c:355:6:ProcessDoubleClickReleaseDebouncing	16	static
../Core/Src/main.c:372:6:ProcessDoubleClickRelease	16	static
../Core/Src/main.c:388:13:Ec11TickProcess	24	static
../Core/Src/main.c:454:6:Ec11StateMachineProcess	16	static
../Core/Src/main.c:467:6:HAL_TIM_PeriodElapsedCallback	16	static
../Core/Src/main.c:472:6:ProcessKey	64	static
../Core/Src/main.c:519:5:main	8	static
../Core/Src/main.c:567:6:SystemClock_Config	72	static
../Core/Src/main.c:607:13:MX_TIM4_Init	32	static
../Core/Src/main.c:652:13:MX_USART2_UART_Init	8	static
../Core/Src/main.c:685:13:MX_GPIO_Init	40	static
../Core/Src/main.c:730:6:Error_Handler	4	static,ignoring_inline_asm
