../Core/Src/main.c:65:6:HAL_UART_TxCpltCallback	16	static
../Core/Src/main.c:72:6:send_data_safely	16	static
../Core/Src/main.c:96:6:HAL_TIM_PeriodElapsedCallback	16	static
../Core/Src/main.c:103:6:ProcessKey	48	static
../Core/Src/main.c:148:6:ProcessDth11	40	static
../Core/Src/main.c:165:6:ProcessLcd	16	static
../Core/Src/main.c:233:5:main	8	static
../Core/Src/main.c:290:6:SystemClock_Config	72	static
../Core/Src/main.c:330:13:MX_SPI1_Init	8	static
../Core/Src/main.c:368:13:MX_SPI2_Init	8	static
../Core/Src/main.c:406:13:MX_TIM4_Init	32	static
../Core/Src/main.c:451:13:MX_USART2_UART_Init	8	static
../Core/Src/main.c:482:13:MX_DMA_Init	16	static
../Core/Src/main.c:506:13:MX_GPIO_Init	40	static
../Core/Src/main.c:578:6:Error_Handler	4	static,ignoring_inline_asm
