../Core/Src/main.c:178:6:ReadKeyInfo	32	static
../Core/Src/main.c:197:6:PeekKeyInfo	32	static
../Core/Src/main.c:213:6:WriteKeyInfo	24	static
../Core/Src/main.c:229:6:Ec11ResetStateMachineAnd	4	static
../Core/Src/main.c:241:6:Ec11EncoderInit	8	static
../Core/Src/main.c:251:6:ProcessClickPress	16	static
../Core/Src/main.c:261:6:ProcessClickPressDebouncing	24	static
../Core/Src/main.c:279:6:ProcessClickReleaseDebouncing	8	static
../Core/Src/main.c:294:6:ProcessClickRelease	24	static
../Core/Src/main.c:318:6:ProcessDoubleClickPress	32	static
../Core/Src/main.c:343:6:ProcessDoubleClickDebouncing	16	static
../Core/Src/main.c:357:6:ProcessDoubleClickReleaseDebouncing	16	static
../Core/Src/main.c:375:6:ProcessDoubleClickRelease	24	static
../Core/Src/main.c:391:13:Ec11TickProcess	24	static
../Core/Src/main.c:468:6:Ec11StateMachineProcess	16	static
../Core/Src/main.c:482:6:HAL_TIM_PeriodElapsedCallback	16	static
../Core/Src/main.c:487:6:ProcessKey	64	static
../Core/Src/main.c:522:5:main	8	static
../Core/Src/main.c:569:6:SystemClock_Config	72	static
../Core/Src/main.c:609:13:MX_TIM4_Init	32	static
../Core/Src/main.c:654:13:MX_USART2_UART_Init	8	static
../Core/Src/main.c:687:13:MX_GPIO_Init	40	static
../Core/Src/main.c:732:6:Error_Handler	4	static,ignoring_inline_asm
