../Core/Src/st7735s.c:34:6:HAL_SPI_TxCpltCallback	16	static
../Core/Src/st7735s.c:42:6:HAL_SPI_ErrorCallback	24	static
../Core/Src/st7735s.c:53:6:LcdWriteCmd	16	static
../Core/Src/st7735s.c:77:6:LcdWriteData	16	static
../Core/Src/st7735s.c:100:6:LcdWriteDataSPI	16	static
../Core/Src/st7735s.c:124:6:LcdWriteReg	16	static
../Core/Src/st7735s.c:130:6:LcdWriteDataU16	24	static
../Core/Src/st7735s.c:145:6:LcdWriteDataArray	24	static
../Core/Src/st7735s.c:159:6:LcdReset	8	static
../Core/Src/st7735s.c:168:6:LcdSetParam	8	static
../Core/Src/st7735s.c:269:6:LcdInit	8	static
../Core/Src/st7735s.c:276:6:Lcd_SetRegion	32	static
../Core/Src/st7735s.c:306:6:LcdDrawBlock	32	static
../Core/Src/st7735s.c:322:6:LcdClear	344	static
../Core/Src/st7735s.c:333:6:LcdClear2	25616	static
../Core/Src/st7735s.c:339:6:LcdDrawPoint	16	static
../Core/Src/st7735s.c:350:6:LcdDrawLine	32	static
../Core/Src/st7735s.c:359:6:LcdDrawRect	32	static
../Core/Src/st7735s.c:368:6:LcdDrawCircle	16	static
../Core/Src/st7735s.c:374:6:TFT_ShowChar	40	static
../Core/Src/st7735s.c:449:6:LCD_ShowCharStr	40	static
../Core/Src/st7735s.c:466:6:LCD_ShowCharNumber	56	static
../Core/Src/st7735s.c:488:6:LcdShowBmp	24	static
../Core/Src/st7735s.c:502:6:LcdDrawRgb565	32	static
../Core/Src/st7735s.c:512:6:LcdDrawData	32	static
../Core/Src/st7735s.c:521:6:LcdDrawData2	32	static
../Core/Src/st7735s.c:531:6:LcdDrawData3	32	static
