../Core/Src/st7735s.c:27:6:LcdWriteCmd	24	static
../Core/Src/st7735s.c:47:6:LcdWriteData	24	static
../Core/Src/st7735s.c:67:6:LcdWriteReg	16	static
../Core/Src/st7735s.c:73:6:LcdWriteDataU16	16	static
../Core/Src/st7735s.c:80:6:LcdReset	8	static
../Core/Src/st7735s.c:89:6:LcdSetParam	8	static
../Core/Src/st7735s.c:190:6:LcdInit	8	static
../Core/Src/st7735s.c:197:6:Lcd_SetRegion	24	static
../Core/Src/st7735s.c:222:6:LcdDrawBlock	32	static
../Core/Src/st7735s.c:239:6:LcdClear	24	static
../Core/Src/st7735s.c:244:6:LcdDrawPoint	16	static
../Core/Src/st7735s.c:255:6:LcdDrawLine	32	static
../Core/Src/st7735s.c:264:6:LcdDrawRect	32	static
../Core/Src/st7735s.c:273:6:LcdDrawCircle	16	static
../Core/Src/st7735s.c:279:6:TFT_ShowChar	40	static
../Core/Src/st7735s.c:354:6:LCD_ShowCharStr	40	static
../Core/Src/st7735s.c:371:6:LCD_ShowCharNumber	56	static
../Core/Src/st7735s.c:393:6:LcdShowBmp	24	static
../Core/Src/st7735s.c:407:6:LcdDrawRgb565	32	static
../Core/Src/st7735s.c:417:6:LcdDrawData	32	static
