22:50:47 **** Incremental Build of configuration Debug for project hello ****
make -j8 all 
arm-none-eabi-size  hello.elf 
   text	   data	    bss	    dec	    hex	filename
  58032	    608	   3120	  61760	   f140	hello.elf
Finished building: default.size.stdout
 
22:50:52 **** Incremental Build of configuration Debug for project hello ****
make -j8 all 
arm-none-eabi-size  hello.elf 
   text	   data	    bss	    dec	    hex	filename
  58032	    608	   3120	  61760	   f140	hello.elf
Finished building: default.size.stdout
 
22:51:20 **** Incremental Build of configuration Debug for project hello ****
make -j8 all 
arm-none-eabi-size  hello.elf 
   text	   data	    bss	    dec	    hex	filename
  58032	    608	   3120	  61760	   f140	hello.elf
Finished building: default.size.stdout
 
23:25:21 **** Incremental Build of configuration Debug for project hello ****
make -j8 all 
arm-none-eabi-gcc "../Core/Src/main.c" -mcpu=cortex-m3 -std=gnu11 -g3 -DDEBUG -DUSE_HAL_DRIVER -DSTM32F103xB -c -I../Core/Inc -I../Drivers/STM32F1xx_HAL_Driver/Inc/Legacy -I../Drivers/STM32F1xx_HAL_Driver/Inc -I../Drivers/CMSIS/Device/ST/STM32F1xx/Include -I../Drivers/CMSIS/Include -O0 -ffunction-sections -fdata-sections -Wall -fstack-usage -fcyclomatic-complexity -MMD -MP -MF"Core/Src/main.d" -MT"Core/Src/main.o" --specs=nano.specs -mfloat-abi=soft -mthumb -o "Core/Src/main.o"
../Core/Src/main.c: In function 'ProcessLcd':
../Core/Src/main.c:174:25: warning: unused variable 'color' [-Wunused-variable]
  174 |         static uint16_t color = 0x7564;
      |                         ^~~~~
../Core/Src/main.c: At top level:
../Core/Src/main.c:482:13: warning: 'MX_DMA_Init' defined but not used [-Wunused-function]
  482 | static void MX_DMA_Init(void)
      |             ^~~~~~~~~~~
../Core/Src/main.c:368:13: warning: 'MX_SPI2_Init' defined but not used [-Wunused-function]
  368 | static void MX_SPI2_Init(void)
      |             ^~~~~~~~~~~~
../Core/Src/main.c:330:13: warning: 'MX_SPI1_Init' defined but not used [-Wunused-function]
  330 | static void MX_SPI1_Init(void)
      |             ^~~~~~~~~~~~
arm-none-eabi-gcc -o "hello.elf" @"objects.list"   -mcpu=cortex-m3 -T"E:\STM32CubeIDE_Workspace\hello\STM32F103C8TX_FLASH.ld" --specs=nosys.specs -Wl,-Map="hello.map" -Wl,--gc-sections -static --specs=nano.specs -mfloat-abi=soft -mthumb -u _printf_float -u _scanf_float -Wl,--start-group -lc -lm -Wl,--end-group
Finished building target: hello.elf
 
arm-none-eabi-size  hello.elf 
arm-none-eabi-objdump -h -S hello.elf  > "hello.list"
   text	   data	    bss	    dec	    hex	filename
  56736	    608	   3120	  60464	   ec30	hello.elf
Finished building: default.size.stdout
 
Finished building: hello.list
 
23:25:46 **** Incremental Build of configuration Debug for project hello ****
make -j8 all 
arm-none-eabi-size  hello.elf 
   text	   data	    bss	    dec	    hex	filename
  56736	    608	   3120	  60464	   ec30	hello.elf
Finished building: default.size.stdout
 
23:27:15 **** Incremental Build of configuration Debug for project hello ****
make -j8 all 
arm-none-eabi-size  hello.elf 
   text	   data	    bss	    dec	    hex	filename
  56736	    608	   3120	  60464	   ec30	hello.elf
Finished building: default.size.stdout
 
23:28:06 **** Incremental Build of configuration Debug for project hello ****
make -j8 all 
arm-none-eabi-gcc "../Core/Src/main.c" -mcpu=cortex-m3 -std=gnu11 -g3 -DDEBUG -DUSE_HAL_DRIVER -DSTM32F103xB -c -I../Core/Inc -I../Drivers/STM32F1xx_HAL_Driver/Inc/Legacy -I../Drivers/STM32F1xx_HAL_Driver/Inc -I../Drivers/CMSIS/Device/ST/STM32F1xx/Include -I../Drivers/CMSIS/Include -O0 -ffunction-sections -fdata-sections -Wall -fstack-usage -fcyclomatic-complexity -MMD -MP -MF"Core/Src/main.d" -MT"Core/Src/main.o" --specs=nano.specs -mfloat-abi=soft -mthumb -o "Core/Src/main.o"
../Core/Src/main.c: In function 'ProcessLcd':
../Core/Src/main.c:174:25: warning: unused variable 'color' [-Wunused-variable]
  174 |         static uint16_t color = 0x7564;
      |                         ^~~~~
arm-none-eabi-gcc -o "hello.elf" @"objects.list"   -mcpu=cortex-m3 -T"E:\STM32CubeIDE_Workspace\hello\STM32F103C8TX_FLASH.ld" --specs=nosys.specs -Wl,-Map="hello.map" -Wl,--gc-sections -static --specs=nano.specs -mfloat-abi=soft -mthumb -u _printf_float -u _scanf_float -Wl,--start-group -lc -lm -Wl,--end-group
Finished building target: hello.elf
 
arm-none-eabi-size  hello.elf 
arm-none-eabi-objdump -h -S hello.elf  > "hello.list"
   text	   data	    bss	    dec	    hex	filename
  58032	    608	   3120	  61760	   f140	hello.elf
Finished building: default.size.stdout
 
Finished building: hello.list
 
23:28:51 **** Incremental Build of configuration Debug for project hello ****
make -j8 all 
arm-none-eabi-gcc "../Core/Src/main.c" -mcpu=cortex-m3 -std=gnu11 -g3 -DDEBUG -DUSE_HAL_DRIVER -DSTM32F103xB -c -I../Core/Inc -I../Drivers/STM32F1xx_HAL_Driver/Inc/Legacy -I../Drivers/STM32F1xx_HAL_Driver/Inc -I../Drivers/CMSIS/Device/ST/STM32F1xx/Include -I../Drivers/CMSIS/Include -O0 -ffunction-sections -fdata-sections -Wall -fstack-usage -fcyclomatic-complexity -MMD -MP -MF"Core/Src/main.d" -MT"Core/Src/main.o" --specs=nano.specs -mfloat-abi=soft -mthumb -o "Core/Src/main.o"
../Core/Src/main.c: In function 'ProcessLcd':
../Core/Src/main.c:174:25: warning: unused variable 'color' [-Wunused-variable]
  174 |         static uint16_t color = 0x7564;
      |                         ^~~~~
../Core/Src/main.c: At top level:
../Core/Src/main.c:482:13: warning: 'MX_DMA_Init' defined but not used [-Wunused-function]
  482 | static void MX_DMA_Init(void)
      |             ^~~~~~~~~~~
../Core/Src/main.c:368:13: warning: 'MX_SPI2_Init' defined but not used [-Wunused-function]
  368 | static void MX_SPI2_Init(void)
      |             ^~~~~~~~~~~~
../Core/Src/main.c:330:13: warning: 'MX_SPI1_Init' defined but not used [-Wunused-function]
  330 | static void MX_SPI1_Init(void)
      |             ^~~~~~~~~~~~
arm-none-eabi-gcc -o "hello.elf" @"objects.list"   -mcpu=cortex-m3 -T"E:\STM32CubeIDE_Workspace\hello\STM32F103C8TX_FLASH.ld" --specs=nosys.specs -Wl,-Map="hello.map" -Wl,--gc-sections -static --specs=nano.specs -mfloat-abi=soft -mthumb -u _printf_float -u _scanf_float -Wl,--start-group -lc -lm -Wl,--end-group
Finished building target: hello.elf
 
arm-none-eabi-size  hello.elf 
arm-none-eabi-objdump -h -S hello.elf  > "hello.list"
   text	   data	    bss	    dec	    hex	filename
  40688	    604	   3116	  44408	   ad78	hello.elf
Finished building: default.size.stdout
 
Finished building: hello.list
 
23:30:03 **** Incremental Build of configuration Debug for project hello ****
make -j8 all 
arm-none-eabi-gcc "../Core/Src/main.c" -mcpu=cortex-m3 -std=gnu11 -g3 -DDEBUG -DUSE_HAL_DRIVER -DSTM32F103xB -c -I../Core/Inc -I../Drivers/STM32F1xx_HAL_Driver/Inc/Legacy -I../Drivers/STM32F1xx_HAL_Driver/Inc -I../Drivers/CMSIS/Device/ST/STM32F1xx/Include -I../Drivers/CMSIS/Include -O0 -ffunction-sections -fdata-sections -Wall -fstack-usage -fcyclomatic-complexity -MMD -MP -MF"Core/Src/main.d" -MT"Core/Src/main.o" --specs=nano.specs -mfloat-abi=soft -mthumb -o "Core/Src/main.o"
../Core/Src/main.c: In function 'ProcessLcd':
../Core/Src/main.c:174:25: warning: unused variable 'color' [-Wunused-variable]
  174 |         static uint16_t color = 0x7564;
      |                         ^~~~~
arm-none-eabi-gcc -o "hello.elf" @"objects.list"   -mcpu=cortex-m3 -T"E:\STM32CubeIDE_Workspace\hello\STM32F103C8TX_FLASH.ld" --specs=nosys.specs -Wl,-Map="hello.map" -Wl,--gc-sections -static --specs=nano.specs -mfloat-abi=soft -mthumb -u _printf_float -u _scanf_float -Wl,--start-group -lc -lm -Wl,--end-group
Finished building target: hello.elf
 
arm-none-eabi-size  hello.elf 
arm-none-eabi-objdump -h -S hello.elf  > "hello.list"
   text	   data	    bss	    dec	    hex	filename
  58032	    608	   3120	  61760	   f140	hello.elf
Finished building: default.size.stdout
 
Finished building: hello.list
 
