22:59:46 **** Incremental Build of configuration Debug for project hello ****
make -j8 all 
arm-none-eabi-gcc "../Core/Src/ec11.c" -mcpu=cortex-m3 -std=gnu11 -g3 -DDEBUG -DUSE_HAL_DRIVER -DSTM32F103xB -c -I../Core/Inc -I../Drivers/STM32F1xx_HAL_Driver/Inc/Legacy -I../Drivers/STM32F1xx_HAL_Driver/Inc -I../Drivers/CMSIS/Device/ST/STM32F1xx/Include -I../Drivers/CMSIS/Include -O0 -ffunction-sections -fdata-sections -Wall -fstack-usage -fcyclomatic-complexity -MMD -MP -MF"Core/Src/ec11.d" -MT"Core/Src/ec11.o" --specs=nano.specs -mfloat-abi=soft -mthumb -o "Core/Src/ec11.o"
arm-none-eabi-gcc -o "hello.elf" @"objects.list"   -mcpu=cortex-m3 -T"E:\STM32CubeIDE_Workspace\hello\STM32F103C8TX_FLASH.ld" --specs=nosys.specs -Wl,-Map="hello.map" -Wl,--gc-sections -static --specs=nano.specs -mfloat-abi=soft -mthumb -Wl,--start-group -lc -lm -Wl,--end-group
Finished building target: hello.elf
 
arm-none-eabi-size  hello.elf 
arm-none-eabi-objdump -h -S hello.elf  > "hello.list"
   text	   data	    bss	    dec	    hex	filename
  16596	    208	   2432	  19236	   4b24	hello.elf
Finished building: default.size.stdout
 
Finished building: hello.list
 

22:59:47 Build Finished. 0 errors, 0 warnings. (took 1s.344ms)

