23:25:55 **** Incremental Build of configuration Debug for project hello-FreeRTOS ****
make -j8 all 
arm-none-eabi-gcc "../Core/Src/main.c" -mcpu=cortex-m3 -std=gnu11 -g3 -DDEBUG -DUSE_HAL_DRIVER -DSTM32F103xB -c -I../Core/Inc -I../Drivers/STM32F1xx_HAL_Driver/Inc/Legacy -I../Drivers/STM32F1xx_HAL_Driver/Inc -I../Drivers/CMSIS/Device/ST/STM32F1xx/Include -I../Drivers/CMSIS/Include -I../Middlewares/Third_Party/FreeRTOS/Source/include -I../Middlewares/Third_Party/FreeRTOS/Source/CMSIS_RTOS_V2 -I../Middlewares/Third_Party/FreeRTOS/Source/portable/GCC/ARM_CM3 -O0 -ffunction-sections -fdata-sections -Wall -fstack-usage -fcyclomatic-complexity -MMD -MP -MF"Core/Src/main.d" -MT"Core/Src/main.o" --specs=nano.specs -mfloat-abi=soft -mthumb -o "Core/Src/main.o"
arm-none-eabi-gcc -o "hello-FreeRTOS.elf" @"objects.list"   -mcpu=cortex-m3 -T"E:\STM32CubeIDE_Workspace\hello-FreeRTOS\STM32F103C8TX_FLASH.ld" --specs=nosys.specs -Wl,-Map="hello-FreeRTOS.map" -Wl,--gc-sections -static --specs=nano.specs -mfloat-abi=soft -mthumb -Wl,--start-group -lc -lm -Wl,--end-group
Finished building target: hello-FreeRTOS.elf
 
arm-none-eabi-size  hello-FreeRTOS.elf 
arm-none-eabi-objdump -h -S hello-FreeRTOS.elf  > "hello-FreeRTOS.list"
   text	   data	    bss	    dec	    hex	filename
  15764	     16	   8056	  23836	   5d1c	hello-FreeRTOS.elf
Finished building: default.size.stdout
 
Finished building: hello-FreeRTOS.list
 

23:25:56 Build Finished. 0 errors, 0 warnings. (took 1s.330ms)

